<?xml version="1.0" encoding="UTF-8"?>
<TestRun id="749561fb-ac25-4918-a1bc-a81458fddab1" name="WGC@WGC-PC 2014-06-15 22:06:33" runUser="WGC-PC\WGC" xmlns="http://microsoft.com/schemas/VisualStudio/TeamTest/2010">
  <TestSettings name="本地" id="ffe8e615-da9b-4382-b315-9270326db308">
    <Description>这些设置为本地测试运行的默认测试设置。</Description>
    <Deployment enabled="false" runDeploymentRoot="WGC_WGC-PC 2014-06-15 22_06_33">
      <DeploymentItem filename="D:\git_file\agile6\bin\Debug\Newtonsoft.Json.dll" />
      <DeploymentItem filename="D:\git_file\agile6\bin\Debug\FundHelper.exe" />
    </Deployment>
    <Execution>
      <TestTypeSpecific />
      <AgentRule name="Execution Agents">
      </AgentRule>
    </Execution>
  </TestSettings>
  <Times creation="2014-06-15T22:06:33.6466585+08:00" queuing="2014-06-15T22:06:36.4858635+08:00" start="2014-06-15T22:06:36.7510640+08:00" finish="2014-06-15T22:08:36.6147736+08:00" />
  <ResultSummary outcome="Completed">
    <Counters total="1" executed="1" passed="1" error="0" failed="0" timeout="0" aborted="0" inconclusive="0" passedButRunAborted="0" notRunnable="0" notExecuted="0" disconnected="0" warning="0" completed="0" inProgress="0" pending="0" />
  </ResultSummary>
  <TestDefinitions>
    <UnitTest name="getNetValueTest" storage="d:\git_file\agile6\searchtest\bin\debug\searchtest.dll" id="e936e606-993c-fa42-c77c-842e36450f9b">
      <Execution id="f7f667fe-720e-41a6-97a5-49ce5f4253dd" />
      <TestMethod codeBase="D:/git_file/agile6/SearchTest/bin/Debug/SearchTest.DLL" adapterTypeName="Microsoft.VisualStudio.TestTools.TestTypes.Unit.UnitTestAdapter, Microsoft.VisualStudio.QualityTools.Tips.UnitTest.Adapter, Version=10.0.0.0, Culture=neutral, PublicKeyToken=b03f5f7f11d50a3a" className="SearchTest.WebServiceTest, SearchTest, Version=1.0.0.0, Culture=neutral, PublicKeyToken=null" name="getNetValueTest" />
    </UnitTest>
  </TestDefinitions>
  <TestLists>
    <TestList name="列表中未列出的结果" id="8c84fa94-04c1-424b-9868-57a2d4851a1d" />
    <TestList name="所有已加载的结果" id="19431567-8539-422a-85d7-44ee4e166bda" />
  </TestLists>
  <TestEntries>
    <TestEntry testId="e936e606-993c-fa42-c77c-842e36450f9b" executionId="f7f667fe-720e-41a6-97a5-49ce5f4253dd" testListId="8c84fa94-04c1-424b-9868-57a2d4851a1d" />
  </TestEntries>
  <Results>
    <UnitTestResult executionId="f7f667fe-720e-41a6-97a5-49ce5f4253dd" testId="e936e606-993c-fa42-c77c-842e36450f9b" testName="getNetValueTest" computerName="WGC-PC" duration="00:01:58.0374721" startTime="2014-06-15T22:06:36.9382643+08:00" endTime="2014-06-15T22:08:36.3963732+08:00" testType="13cdc9d9-ddb5-4fa4-a97d-d965ccfc6d4b" outcome="Passed" testListId="8c84fa94-04c1-424b-9868-57a2d4851a1d" relativeResultsDirectory="f7f667fe-720e-41a6-97a5-49ce5f4253dd">
    </UnitTestResult>
  </Results>
</TestRun>