<?xml version="1.0" encoding="UTF-8"?>
<TestRun id="dd63552d-8b1d-4add-949c-eaf371b82f12" name="WGC@WGC-PC 2014-05-24 18:03:25" runUser="WGC-PC\WGC" xmlns="http://microsoft.com/schemas/VisualStudio/TeamTest/2010">
  <TestSettings name="本地" id="ffe8e615-da9b-4382-b315-9270326db308">
    <Description>这些设置为本地测试运行的默认测试设置。</Description>
    <Deployment enabled="false" runDeploymentRoot="WGC_WGC-PC 2014-05-24 18_03_25">
      <DeploymentItem filename="D:\git_file\agile\bin\Debug\Newtonsoft.Json.dll" />
      <DeploymentItem filename="D:\git_file\agile\bin\Debug\FundHelper.exe" />
    </Deployment>
    <Execution>
      <TestTypeSpecific />
      <AgentRule name="Execution Agents">
      </AgentRule>
    </Execution>
  </TestSettings>
  <Times creation="2014-05-24T18:03:25.9843716+08:00" queuing="2014-05-24T18:03:26.0003726+08:00" start="2014-05-24T18:03:26.0083730+08:00" finish="2014-05-24T18:03:33.3777945+08:00" />
  <ResultSummary outcome="Completed">
    <Counters total="1" executed="1" passed="1" error="0" failed="0" timeout="0" aborted="0" inconclusive="0" passedButRunAborted="0" notRunnable="0" notExecuted="0" disconnected="0" warning="0" completed="0" inProgress="0" pending="0" />
  </ResultSummary>
  <TestDefinitions>
    <UnitTest name="CodedUITestMethod1" storage="d:\git_file\agile\searchtest\bin\debug\searchtest.dll" id="799c1460-eae4-8a34-62a4-f11efd7f1500">
      <Execution id="832e5013-9f9a-41fd-a484-e1d16df4b5f5" />
      <TestMethod codeBase="D:/git_file/agile/SearchTest/bin/Debug/SearchTest.DLL" adapterTypeName="Microsoft.VisualStudio.TestTools.TestTypes.Unit.UnitTestAdapter, Microsoft.VisualStudio.QualityTools.Tips.UnitTest.Adapter, Version=10.0.0.0, Culture=neutral, PublicKeyToken=b03f5f7f11d50a3a" className="SearchTest.ChartUITest1, SearchTest, Version=1.0.0.0, Culture=neutral, PublicKeyToken=null" name="CodedUITestMethod1" />
      <Extension>Microsoft.VisualStudio.TestTools.UITesting.CodedUITestAttribute, Microsoft.VisualStudio.QualityTools.CodedUITestFramework, Version=10.0.0.0, Culture=neutral, PublicKeyToken=b03f5f7f11d50a3a</Extension>
    </UnitTest>
  </TestDefinitions>
  <TestLists>
    <TestList name="列表中未列出的结果" id="8c84fa94-04c1-424b-9868-57a2d4851a1d" />
    <TestList name="所有已加载的结果" id="19431567-8539-422a-85d7-44ee4e166bda" />
  </TestLists>
  <TestEntries>
    <TestEntry testId="799c1460-eae4-8a34-62a4-f11efd7f1500" executionId="832e5013-9f9a-41fd-a484-e1d16df4b5f5" testListId="8c84fa94-04c1-424b-9868-57a2d4851a1d" />
  </TestEntries>
  <Results>
    <UnitTestResult executionId="832e5013-9f9a-41fd-a484-e1d16df4b5f5" testId="799c1460-eae4-8a34-62a4-f11efd7f1500" testName="CodedUITestMethod1" computerName="WGC-PC" duration="00:00:07.0496074" startTime="2014-05-24T18:03:26.0383747+08:00" endTime="2014-05-24T18:03:33.3537932+08:00" testType="13cdc9d9-ddb5-4fa4-a97d-d965ccfc6d4b" outcome="Passed" testListId="8c84fa94-04c1-424b-9868-57a2d4851a1d" relativeResultsDirectory="832e5013-9f9a-41fd-a484-e1d16df4b5f5">
      <Output>
        <DebugTrace>E, 4568, 90, 2014/05/24, 18:03:26.941, 59624328694, QTAgent32.exe, Exception: System.NotSupportedException
	Message: 不支持所指定的方法。
	Stack Trace:    在 Microsoft.VisualStudio.TestTools.UITest.Extension.Msaa.MsaaElement.GetPropertyValue(String propertyName)
   在 Microsoft.VisualStudio.TestTools.UITest.Extension.PropertyCondition.Match(IUITechnologyElement element)
	BaseExceptionMessage: 不支持所指定的方法。

W, 4568, 90, 2014/05/24, 18:03:27.051, 59624587599, QTAgent32.exe, Playback - [WARNING] Internal warning: Could not obtain technology manager for given id in GetTechnologyManagerById.
\0
W, 4568, 90, 2014/05/24, 18:03:27.492, 59625618051, QTAgent32.exe, &lt;a class=success&gt;Playback - {1} [SUCCESS] MouseButtonClick - "[MSAA, VisibleOnly]ControlType='Cell' &amp;&amp; Value='YFDTTLCHBA'"
\0&lt;/a&gt;
E, 4568, 90, 2014/05/24, 18:03:27.709, 59626126087, QTAgent32.exe, Exception: System.NotSupportedException
	Message: 不支持所指定的方法。
	Stack Trace:    在 Microsoft.VisualStudio.TestTools.UITest.Extension.Msaa.MsaaElement.GetPropertyValue(String propertyName)
   在 Microsoft.VisualStudio.TestTools.UITest.Extension.PropertyCondition.Match(IUITechnologyElement element)
	BaseExceptionMessage: 不支持所指定的方法。

W, 4568, 90, 2014/05/24, 18:03:27.821, 59626388495, QTAgent32.exe, Playback - [WARNING] Internal warning: Could not obtain technology manager for given id in GetTechnologyManagerById.
\0
W, 4568, 90, 2014/05/24, 18:03:28.502, 59627979246, QTAgent32.exe, &lt;a class=success&gt;Playback - {2} [SUCCESS] DoubleClick - "[MSAA, VisibleOnly]ControlType='Cell' &amp;&amp; Value='YFDTTLCHBA'"  &lt; Mouse cursor location (551, 244) &gt;
\0&lt;/a&gt;
W, 4568, 90, 2014/05/24, 18:03:29.252, 59629732874, QTAgent32.exe, Msaa.MsaaElement() took more time. Total time taken 649 ms for element 2950076
W, 4568, 90, 2014/05/24, 18:03:29.948, 59631361486, QTAgent32.exe, &lt;a class=success&gt;Playback - {3} [SUCCESS] MouseButtonClick - "[MSAA, VisibleOnly]ControlType='Button' &amp;&amp; Name='图形'"
\0&lt;/a&gt;
W, 4568, 90, 2014/05/24, 18:03:30.370, 59632347849, QTAgent32.exe, &lt;a class=success&gt;Playback - {4} [SUCCESS] EnsureVisible - "[MSAA, VisibleOnly]Name='X axis 主要网格线' &amp;&amp; ControlType='Image'"  &lt; Element is clickable &gt;
\0&lt;/a&gt;
W, 4568, 90, 2014/05/24, 18:03:30.413, 59632448163, QTAgent32.exe, &lt;a class=success&gt;Playback - {5} [SUCCESS] StartDragging - "[MSAA, VisibleOnly]Name='X axis 主要网格线' &amp;&amp; ControlType='Image'"  &lt; Mouse cursor location (680, 499) &gt;
\0&lt;/a&gt;
W, 4568, 90, 2014/05/24, 18:03:30.539, 59632743599, QTAgent32.exe, &lt;a class=success&gt;Playback - {6} [SUCCESS] EnsureVisible - "[MSAA, VisibleOnly]Name='X axis 主要网格线' &amp;&amp; ControlType='Image'"  &lt; Element is clickable &gt;
\0&lt;/a&gt;
W, 4568, 90, 2014/05/24, 18:03:31.008, 59633838906, QTAgent32.exe, &lt;a class=success&gt;Playback - {7} [SUCCESS] StopDragging  &lt; Mouse cursor location (821, 532) &gt;
\0&lt;/a&gt;
W, 4568, 90, 2014/05/24, 18:03:31.230, 59634359152, QTAgent32.exe, &lt;a class=success&gt;Playback - {8} [SUCCESS] EnsureVisible - "[MSAA, VisibleOnly]Name='chart1' &amp;&amp; ControlType='Chart'"  &lt; Element is clickable &gt;
\0&lt;/a&gt;
W, 4568, 90, 2014/05/24, 18:03:31.293, 59634506622, QTAgent32.exe, &lt;a class=success&gt;Playback - {9} [SUCCESS] StartDragging - "[MSAA, VisibleOnly]Name='chart1' &amp;&amp; ControlType='Chart'"  &lt; Mouse cursor location (783, 566) &gt;
\0&lt;/a&gt;
W, 4568, 90, 2014/05/24, 18:03:31.817, 59635731100, QTAgent32.exe, &lt;a class=success&gt;Playback - {10} [SUCCESS] EnsureVisible - "[MSAA, VisibleOnly]Name='chart1' &amp;&amp; ControlType='Chart'"  &lt; EnsureVisible via Scrolling &gt;
\0&lt;/a&gt;
W, 4568, 90, 2014/05/24, 18:03:31.975, 59636100634, QTAgent32.exe, &lt;a class=success&gt;Playback - {11} [SUCCESS] StopDragging  &lt; Mouse cursor location (782, 560) &gt;
\0&lt;/a&gt;
W, 4568, 90, 2014/05/24, 18:03:32.237, 59636714178, QTAgent32.exe, &lt;a class=success&gt;Playback - {12} [SUCCESS] MouseButtonClick - "[MSAA, VisibleOnly]Name='chart1' &amp;&amp; ControlType='Chart'"
\0&lt;/a&gt;
W, 4568, 90, 2014/05/24, 18:03:32.588, 59637535132, QTAgent32.exe, &lt;a class=success&gt;Playback - {13} [SUCCESS] MouseButtonClick - "[MSAA, VisibleOnly]ControlType='Button' &amp;&amp; Name='列表'"
\0&lt;/a&gt;
W, 4568, 90, 2014/05/24, 18:03:32.853, 59638154576, QTAgent32.exe, &lt;a class=success&gt;Playback - {14} [SUCCESS] MouseButtonClick - "[MSAA, VisibleOnly]ControlType='Button' &amp;&amp; Name='图形'"
\0&lt;/a&gt;
W, 4568, 90, 2014/05/24, 18:03:33.214, 59638998622, QTAgent32.exe, &lt;a class=success&gt;Playback - {15} [SUCCESS] MouseButtonClick - "[MSAA, VisibleOnly]ControlType='Button' &amp;&amp; Name='返回'"
\0&lt;/a&gt;
W, 4568, 90, 2014/05/24, 18:03:33.333, 59639275697, QTAgent32.exe, IEDOM : StopSession of the plugin called before StartSession
W, 4568, 90, 2014/05/24, 18:03:33.333, 59639276034, QTAgent32.exe, UIA : StopSession of the plugin called before StartSession
</DebugTrace>
      </Output>
    </UnitTestResult>
  </Results>
</TestRun>