<?xml version="1.0" encoding="UTF-8"?>
<TestRun id="7a68f5db-afbc-4a4d-a256-75257ea781c6" name="WGC@WGC-PC 2014-05-24 18:02:52" runUser="WGC-PC\WGC" xmlns="http://microsoft.com/schemas/VisualStudio/TeamTest/2010">
  <TestSettings name="本地" id="ffe8e615-da9b-4382-b315-9270326db308">
    <Description>这些设置为本地测试运行的默认测试设置。</Description>
    <Deployment enabled="false" runDeploymentRoot="WGC_WGC-PC 2014-05-24 18_02_52">
      <DeploymentItem filename="D:\git_file\agile\bin\Debug\Newtonsoft.Json.dll" />
      <DeploymentItem filename="D:\git_file\agile\bin\Debug\FundHelper.exe" />
    </Deployment>
    <Execution>
      <TestTypeSpecific />
      <AgentRule name="Execution Agents">
      </AgentRule>
    </Execution>
  </TestSettings>
  <Times creation="2014-05-24T18:02:52.1134343+08:00" queuing="2014-05-24T18:02:52.1574369+08:00" start="2014-05-24T18:02:52.2234406+08:00" finish="2014-05-24T18:02:59.5908620+08:00" />
  <ResultSummary outcome="Completed">
    <Counters total="1" executed="1" passed="1" error="0" failed="0" timeout="0" aborted="0" inconclusive="0" passedButRunAborted="0" notRunnable="0" notExecuted="0" disconnected="0" warning="0" completed="0" inProgress="0" pending="0" />
  </ResultSummary>
  <TestDefinitions>
    <UnitTest name="CodedUITestMethod1" storage="d:\git_file\agile\searchtest\bin\debug\searchtest.dll" id="799c1460-eae4-8a34-62a4-f11efd7f1500">
      <Execution id="eafa7d85-d320-43ad-9f8f-1f5401909835" />
      <TestMethod codeBase="D:/git_file/agile/SearchTest/bin/Debug/SearchTest.DLL" adapterTypeName="Microsoft.VisualStudio.TestTools.TestTypes.Unit.UnitTestAdapter, Microsoft.VisualStudio.QualityTools.Tips.UnitTest.Adapter, Version=10.0.0.0, Culture=neutral, PublicKeyToken=b03f5f7f11d50a3a" className="SearchTest.ChartUITest1, SearchTest, Version=1.0.0.0, Culture=neutral, PublicKeyToken=null" name="CodedUITestMethod1" />
      <Extension>Microsoft.VisualStudio.TestTools.UITesting.CodedUITestAttribute, Microsoft.VisualStudio.QualityTools.CodedUITestFramework, Version=10.0.0.0, Culture=neutral, PublicKeyToken=b03f5f7f11d50a3a</Extension>
    </UnitTest>
  </TestDefinitions>
  <TestLists>
    <TestList name="列表中未列出的结果" id="8c84fa94-04c1-424b-9868-57a2d4851a1d" />
    <TestList name="所有已加载的结果" id="19431567-8539-422a-85d7-44ee4e166bda" />
  </TestLists>
  <TestEntries>
    <TestEntry testId="799c1460-eae4-8a34-62a4-f11efd7f1500" executionId="eafa7d85-d320-43ad-9f8f-1f5401909835" testListId="8c84fa94-04c1-424b-9868-57a2d4851a1d" />
  </TestEntries>
  <Results>
    <UnitTestResult executionId="eafa7d85-d320-43ad-9f8f-1f5401909835" testId="799c1460-eae4-8a34-62a4-f11efd7f1500" testName="CodedUITestMethod1" computerName="WGC-PC" duration="00:00:07.0105672" startTime="2014-05-24T18:02:52.2464419+08:00" endTime="2014-05-24T18:02:59.5658606+08:00" testType="13cdc9d9-ddb5-4fa4-a97d-d965ccfc6d4b" outcome="Passed" testListId="8c84fa94-04c1-424b-9868-57a2d4851a1d" relativeResultsDirectory="eafa7d85-d320-43ad-9f8f-1f5401909835">
      <Output>
        <DebugTrace>E, 4568, 101, 2014/05/24, 18:02:53.299, 59545663739, QTAgent32.exe, Exception: System.NotSupportedException
	Message: 不支持所指定的方法。
	Stack Trace:    在 Microsoft.VisualStudio.TestTools.UITest.Extension.Msaa.MsaaElement.GetPropertyValue(String propertyName)
   在 Microsoft.VisualStudio.TestTools.UITest.Extension.PropertyCondition.Match(IUITechnologyElement element)
	BaseExceptionMessage: 不支持所指定的方法。

W, 4568, 101, 2014/05/24, 18:02:53.404, 59545911268, QTAgent32.exe, Playback - [WARNING] Internal warning: Could not obtain technology manager for given id in GetTechnologyManagerById.
\0
W, 4568, 101, 2014/05/24, 18:02:53.866, 59546991099, QTAgent32.exe, &lt;a class=success&gt;Playback - {1} [SUCCESS] MouseButtonClick - "[MSAA, VisibleOnly]ControlType='Cell' &amp;&amp; Value='YFDTTLCHBA'"
\0&lt;/a&gt;
E, 4568, 101, 2014/05/24, 18:02:54.056, 59547434216, QTAgent32.exe, Exception: System.NotSupportedException
	Message: 不支持所指定的方法。
	Stack Trace:    在 Microsoft.VisualStudio.TestTools.UITest.Extension.Msaa.MsaaElement.GetPropertyValue(String propertyName)
   在 Microsoft.VisualStudio.TestTools.UITest.Extension.PropertyCondition.Match(IUITechnologyElement element)
	BaseExceptionMessage: 不支持所指定的方法。

W, 4568, 101, 2014/05/24, 18:02:54.173, 59547707525, QTAgent32.exe, Playback - [WARNING] Internal warning: Could not obtain technology manager for given id in GetTechnologyManagerById.
\0
W, 4568, 101, 2014/05/24, 18:02:54.845, 59549279872, QTAgent32.exe, &lt;a class=success&gt;Playback - {2} [SUCCESS] DoubleClick - "[MSAA, VisibleOnly]ControlType='Cell' &amp;&amp; Value='YFDTTLCHBA'"  &lt; Mouse cursor location (551, 244) &gt;
\0&lt;/a&gt;
W, 4568, 101, 2014/05/24, 18:02:55.246, 59550217415, QTAgent32.exe, Msaa.MsaaElement() took more time. Total time taken 300 ms for element 2950076
W, 4568, 101, 2014/05/24, 18:02:55.962, 59551891705, QTAgent32.exe, &lt;a class=success&gt;Playback - {3} [SUCCESS] MouseButtonClick - "[MSAA, VisibleOnly]ControlType='Button' &amp;&amp; Name='图形'"
\0&lt;/a&gt;
W, 4568, 101, 2014/05/24, 18:02:56.451, 59553034608, QTAgent32.exe, &lt;a class=success&gt;Playback - {4} [SUCCESS] EnsureVisible - "[MSAA, VisibleOnly]Name='X axis 主要网格线' &amp;&amp; ControlType='Image'"  &lt; Element is clickable &gt;
\0&lt;/a&gt;
W, 4568, 101, 2014/05/24, 18:02:56.501, 59553152517, QTAgent32.exe, &lt;a class=success&gt;Playback - {5} [SUCCESS] StartDragging - "[MSAA, VisibleOnly]Name='X axis 主要网格线' &amp;&amp; ControlType='Image'"  &lt; Mouse cursor location (666, 499) &gt;
\0&lt;/a&gt;
W, 4568, 101, 2014/05/24, 18:02:56.628, 59553449839, QTAgent32.exe, &lt;a class=success&gt;Playback - {6} [SUCCESS] EnsureVisible - "[MSAA, VisibleOnly]Name='X axis 主要网格线' &amp;&amp; ControlType='Image'"  &lt; Element is clickable &gt;
\0&lt;/a&gt;
W, 4568, 101, 2014/05/24, 18:02:57.099, 59554549667, QTAgent32.exe, &lt;a class=success&gt;Playback - {7} [SUCCESS] StopDragging  &lt; Mouse cursor location (807, 532) &gt;
\0&lt;/a&gt;
W, 4568, 101, 2014/05/24, 18:02:57.325, 59555078376, QTAgent32.exe, &lt;a class=success&gt;Playback - {8} [SUCCESS] EnsureVisible - "[MSAA, VisibleOnly]Name='chart1' &amp;&amp; ControlType='Chart'"  &lt; Element is clickable &gt;
\0&lt;/a&gt;
W, 4568, 101, 2014/05/24, 18:02:57.392, 59555236948, QTAgent32.exe, &lt;a class=success&gt;Playback - {9} [SUCCESS] StartDragging - "[MSAA, VisibleOnly]Name='chart1' &amp;&amp; ControlType='Chart'"  &lt; Mouse cursor location (783, 566) &gt;
\0&lt;/a&gt;
W, 4568, 101, 2014/05/24, 18:02:57.946, 59556531644, QTAgent32.exe, &lt;a class=success&gt;Playback - {10} [SUCCESS] EnsureVisible - "[MSAA, VisibleOnly]Name='chart1' &amp;&amp; ControlType='Chart'"  &lt; EnsureVisible via Scrolling &gt;
\0&lt;/a&gt;
W, 4568, 101, 2014/05/24, 18:02:58.136, 59556976742, QTAgent32.exe, &lt;a class=success&gt;Playback - {11} [SUCCESS] StopDragging  &lt; Mouse cursor location (782, 560) &gt;
\0&lt;/a&gt;
W, 4568, 101, 2014/05/24, 18:02:58.395, 59557581785, QTAgent32.exe, &lt;a class=success&gt;Playback - {12} [SUCCESS] MouseButtonClick - "[MSAA, VisibleOnly]Name='chart1' &amp;&amp; ControlType='Chart'"
\0&lt;/a&gt;
W, 4568, 101, 2014/05/24, 18:02:58.794, 59558514735, QTAgent32.exe, &lt;a class=success&gt;Playback - {13} [SUCCESS] MouseButtonClick - "[MSAA, VisibleOnly]ControlType='Button' &amp;&amp; Name='列表'"
\0&lt;/a&gt;
W, 4568, 101, 2014/05/24, 18:02:59.054, 59559122752, QTAgent32.exe, &lt;a class=success&gt;Playback - {14} [SUCCESS] MouseButtonClick - "[MSAA, VisibleOnly]ControlType='Button' &amp;&amp; Name='图形'"
\0&lt;/a&gt;
W, 4568, 101, 2014/05/24, 18:02:59.425, 59559990382, QTAgent32.exe, &lt;a class=success&gt;Playback - {15} [SUCCESS] MouseButtonClick - "[MSAA, VisibleOnly]ControlType='Button' &amp;&amp; Name='返回'"
\0&lt;/a&gt;
W, 4568, 101, 2014/05/24, 18:02:59.546, 59560273256, QTAgent32.exe, IEDOM : StopSession of the plugin called before StartSession
W, 4568, 101, 2014/05/24, 18:02:59.546, 59560273636, QTAgent32.exe, UIA : StopSession of the plugin called before StartSession
</DebugTrace>
      </Output>
    </UnitTestResult>
  </Results>
</TestRun>